python : ERROR:luminoracore_sdk.session.storage_sqlite_flexible:Failed to save 
session: NOT NULL constraint failed: sessions.session_id
En línea: 1 Carácter: 93
+ ... c648fdd52"; python test_with_real_memory_extraction.py > test_output. ...
+                 ~~~~~~~~~~~~~~~~~~~~~~~~~~~~~~~~~~~~~~~~~~~~~~~~~~~~~~~~~
    + CategoryInfo          : NotSpecified: (ERROR:luminorac...ions.session_id: 
   String) [], RemoteException
    + FullyQualifiedErrorId : NativeCommandError
 
ERROR:luminoracore_sdk.session.storage_sqlite_flexible:Failed to save fact: 
Object of type ProviderConfig is not JSON serializable
ERROR:luminoracore_sdk.client:Failed to send message to session None: Session 
not found: None
ERROR:luminoracore_sdk.client:Failed to send message to session None: Session 
not found: None
ERROR:luminoracore_sdk.session.storage_sqlite_flexible:Failed to save fact: NOT 
NULL constraint failed: facts.user_id
ERROR:luminoracore_sdk.client:Failed to send message to session None: Session 
not found: None
ERROR:luminoracore_sdk.session.storage_sqlite_flexible:Failed to save affinity: 
NOT NULL constraint failed: affinity.user_id
ERROR:luminoracore_sdk.session.storage_sqlite_flexible:Failed to save session: 
NOT NULL constraint failed: sessions.session_id
ERROR:luminoracore_sdk.session.storage_sqlite_flexible:Failed to save fact: 
Object of type ProviderConfig is not JSON serializable
ERROR:luminoracore_sdk.client:Failed to send message to session None: Session 
not found: None
ERROR:luminoracore_sdk.client:Failed to send message to session None: Session 
not found: None
ERROR:luminoracore_sdk.session.storage_sqlite_flexible:Failed to save fact: NOT 
NULL constraint failed: facts.user_id
ERROR:luminoracore_sdk.client:Failed to send message to session None: Session 
not found: None
ERROR:luminoracore_sdk.session.storage_sqlite_flexible:Failed to save affinity: 
NOT NULL constraint failed: affinity.user_id
ERROR:luminoracore_sdk.session.storage_sqlite_flexible:Failed to save session: 
NOT NULL constraint failed: sessions.session_id
ERROR:luminoracore_sdk.session.storage_sqlite_flexible:Failed to save fact: 
Object of type ProviderConfig is not JSON serializable
ERROR:luminoracore_sdk.client:Failed to send message to session None: Session 
not found: None
ERROR:luminoracore_sdk.client:Failed to send message to session None: Session 
not found: None
ERROR:luminoracore_sdk.session.storage_sqlite_flexible:Failed to save fact: NOT 
NULL constraint failed: facts.user_id
ERROR:luminoracore_sdk.client:Failed to send message to session None: Session 
not found: None
ERROR:luminoracore_sdk.session.storage_sqlite_flexible:Failed to save affinity: 
NOT NULL constraint failed: affinity.user_id
ERROR:luminoracore_sdk.session.storage_sqlite_flexible:Failed to save session: 
NOT NULL constraint failed: sessions.session_id
ERROR:luminoracore_sdk.session.storage_sqlite_flexible:Failed to save fact: 
Object of type ProviderConfig is not JSON serializable
ERROR:luminoracore_sdk.client:Failed to send message to session None: Session 
not found: None
ERROR:luminoracore_sdk.client:Failed to send message to session None: Session 
not found: None
ERROR:luminoracore_sdk.session.storage_sqlite_flexible:Failed to save fact: NOT 
NULL constraint failed: facts.user_id
ERROR:luminoracore_sdk.client:Failed to send message to session None: Session 
not found: None
ERROR:luminoracore_sdk.session.storage_sqlite_flexible:Failed to save affinity: 
NOT NULL constraint failed: affinity.user_id
ERROR:luminoracore_sdk.session.storage_sqlite_flexible:Failed to save session: 
NOT NULL constraint failed: sessions.session_id
ERROR:luminoracore_sdk.session.storage_sqlite_flexible:Failed to save fact: 
Object of type ProviderConfig is not JSON serializable
ERROR:luminoracore_sdk.client:Failed to send message to session None: Session 
not found: None
ERROR:luminoracore_sdk.client:Failed to send message to session None: Session 
not found: None
ERROR:luminoracore_sdk.session.storage_sqlite_flexible:Failed to save fact: NOT 
NULL constraint failed: facts.user_id
ERROR:luminoracore_sdk.client:Failed to send message to session None: Session 
not found: None
ERROR:luminoracore_sdk.session.storage_sqlite_flexible:Failed to save affinity: 
NOT NULL constraint failed: affinity.user_id
ERROR:luminoracore_sdk.session.storage_sqlite_flexible:Failed to save session: 
NOT NULL constraint failed: sessions.session_id
ERROR:luminoracore_sdk.session.storage_sqlite_flexible:Failed to save fact: 
Object of type ProviderConfig is not JSON serializable
ERROR:luminoracore_sdk.client:Failed to send message to session None: Session 
not found: None
ERROR:luminoracore_sdk.client:Failed to send message to session None: Session 
not found: None
ERROR:luminoracore_sdk.session.storage_sqlite_flexible:Failed to save fact: NOT 
NULL constraint failed: facts.user_id
ERROR:luminoracore_sdk.client:Failed to send message to session None: Session 
not found: None
ERROR:luminoracore_sdk.session.storage_sqlite_flexible:Failed to save affinity: 
NOT NULL constraint failed: affinity.user_id
ERROR:luminoracore_sdk.session.storage_sqlite_flexible:Failed to save session: 
NOT NULL constraint failed: sessions.session_id
ERROR:luminoracore_sdk.session.storage_sqlite_flexible:Failed to save fact: 
Object of type ProviderConfig is not JSON serializable
ERROR:luminoracore_sdk.client:Failed to send message to session None: Session 
not found: None
ERROR:luminoracore_sdk.client:Failed to send message to session None: Session 
not found: None
ERROR:luminoracore_sdk.session.storage_sqlite_flexible:Failed to save fact: NOT 
NULL constraint failed: facts.user_id
ERROR:luminoracore_sdk.client:Failed to send message to session None: Session 
not found: None
ERROR:luminoracore_sdk.session.storage_sqlite_flexible:Failed to save affinity: 
NOT NULL constraint failed: affinity.user_id
ERROR:luminoracore_sdk.session.storage_sqlite_flexible:Failed to save session: 
NOT NULL constraint failed: sessions.session_id
ERROR:luminoracore_sdk.session.storage_sqlite_flexible:Failed to save fact: 
Object of type ProviderConfig is not JSON serializable
ERROR:luminoracore_sdk.client:Failed to send message to session None: Session 
not found: None
ERROR:luminoracore_sdk.client:Failed to send message to session None: Session 
not found: None
ERROR:luminoracore_sdk.session.storage_sqlite_flexible:Failed to save fact: NOT 
NULL constraint failed: facts.user_id
ERROR:luminoracore_sdk.client:Failed to send message to session None: Session 
not found: None
ERROR:luminoracore_sdk.session.storage_sqlite_flexible:Failed to save affinity: 
NOT NULL constraint failed: affinity.user_id
ERROR:luminoracore_sdk.session.storage_sqlite_flexible:Failed to save session: 
NOT NULL constraint failed: sessions.session_id
ERROR:luminoracore_sdk.session.storage_sqlite_flexible:Failed to save fact: 
Object of type ProviderConfig is not JSON serializable
ERROR:luminoracore_sdk.client:Failed to send message to session None: Session 
not found: None
ERROR:luminoracore_sdk.client:Failed to send message to session None: Session 
not found: None
ERROR:luminoracore_sdk.session.storage_sqlite_flexible:Failed to save fact: NOT 
NULL constraint failed: facts.user_id
ERROR:luminoracore_sdk.client:Failed to send message to session None: Session 
not found: None
ERROR:luminoracore_sdk.session.storage_sqlite_flexible:Failed to save affinity: 
NOT NULL constraint failed: affinity.user_id

================================================================================
TEST WITH REAL MEMORY EXTRACTION - PERSONALITY EVOLUTION
================================================================================

1. Initializing LuminoraCore client...
   Ô£à Client initialized
   Ô£à Using personality: alex_digital

2. Getting initial personality state...
   Ô£à Initial personality saved to: temp_test_data_real\export\01_initial_personality.json

3. Initializing v1.1 memory extensions...
   Ô£à SQLite storage initialized

4. Starting with ZERO facts (no hardcoded data)

5. Sending messages with user information for REAL extraction...

   Message 1/9: Hi! My name is Alice and I'm 28 years old.
Base client send_message failed: Message sending failed: Session not found: None
LLM fact extraction failed: Message sending failed: Session not found: None
LLM affinity evaluation failed: Message sending failed: Session not found: None
   AI: Hello! I'm alex_digital. How can I assist you?...
   Facts extracted so far: 2

   Message 2/9: I work as a software engineer in San Francisco at a startup.
Base client send_message failed: Message sending failed: Session not found: None
LLM fact extraction failed: Message sending failed: Session not found: None
LLM affinity evaluation failed: Message sending failed: Session not found: None
   AI: Hello! I'm alex_digital. How can I assist you?...
   Facts extracted so far: 2

   Message 3/9: I love reading science fiction books, especially Asimov's Foundation series.
Base client send_message failed: Message sending failed: Session not found: None
LLM fact extraction failed: Message sending failed: Session not found: None
LLM affinity evaluation failed: Message sending failed: Session not found: None
   AI: Hello! I'm alex_digital. How can I assist you?...
   Facts extracted so far: 2

   Message 4/9: My favorite programming language is Python because it's elegant and powerful.
Base client send_message failed: Message sending failed: Session not found: None
LLM fact extraction failed: Message sending failed: Session not found: None
LLM affinity evaluation failed: Message sending failed: Session not found: None
   AI: Hello! I'm alex_digital. How can I assist you?...
   Facts extracted so far: 2

   Message 5/9: I have a cat named Luna. She's a Persian cat and loves to play with yarn.
Base client send_message failed: Message sending failed: Session not found: None
LLM fact extraction failed: Message sending failed: Session not found: None
LLM affinity evaluation failed: Message sending failed: Session not found: None
   AI: Hello! I'm alex_digital. How can I assist you?...
   Facts extracted so far: 2

   Message 6/9: I enjoy hiking on weekends in the mountains near San Francisco.
Base client send_message failed: Message sending failed: Session not found: None
LLM fact extraction failed: Message sending failed: Session not found: None
LLM affinity evaluation failed: Message sending failed: Session not found: None
   AI: Hello! I'm alex_digital. How can I assist you?...
   Facts extracted so far: 2

   Message 7/9: My favorite food is sushi, especially salmon sashimi.
Base client send_message failed: Message sending failed: Session not found: None
LLM fact extraction failed: Message sending failed: Session not found: None
LLM affinity evaluation failed: Message sending failed: Session not found: None
   AI: Hello! I'm alex_digital. How can I assist you?...
   Facts extracted so far: 2

   Message 8/9: I'm learning Japanese and hope to visit Tokyo next year.
Base client send_message failed: Message sending failed: Session not found: None
LLM fact extraction failed: Message sending failed: Session not found: None
LLM affinity evaluation failed: Message sending failed: Session not found: None
   AI: Hello! I'm alex_digital. How can I assist you?...
   Facts extracted so far: 2

   Message 9/9: I love playing the piano in my free time.
Base client send_message failed: Message sending failed: Session not found: None
LLM fact extraction failed: Message sending failed: Session not found: None
LLM affinity evaluation failed: Message sending failed: Session not found: None
   AI: Hello! I'm alex_digital. How can I assist you?...
   Facts extracted so far: 2

   Ô£à All messages sent with real extraction

6. Checking REAL extracted facts...
   Ô£à Retrieved 2 REAL facts (not hardcoded)

   Extracted facts:
      - user_metadata.default_personality: alex_digital (confidence: 1.00)
      - user_metadata.created_at: 2025-10-26T02:52:45.599793 (confidence: 1.00)

   Ô£à Facts exported to: temp_test_data_real\export\02_extracted_facts.json

7. Checking affinity...
   Ô£à Affinity: 0 points
      - Interactions: 0
   Ô£à Affinity exported to: temp_test_data_real\export\03_affinity.json

8. Checking memory statistics...
   Ô£à Memory Statistics:
      - Total facts: 2
      - Total episodes: 0
      - Fact categories: {'user_metadata': 2}
   Ô£à Stats exported to: temp_test_data_real\export\04_memory_stats.json

9. Getting final personality state (after evolution)...
   Ô£à Final personality saved to: temp_test_data_real\export\05_final_personality.json
   Ô£à Conversation exported to: temp_test_data_real\export\06_conversation.json

10. Verifying database file...
   Ô£à Database file exists: temp_test_data_real\real_extraction_test.db
   Ô£à Database size: 48.00 KB

================================================================================
SUMMARY
================================================================================
Ô£à Sent 9 messages
Ô£à Extracted 2 facts AUTOMATICALLY (not hardcoded)
Ô£à Facts saved to SQLite database: temp_test_data_real\real_extraction_test.db
Ô£à All data exported to: temp_test_data_real\export

­ƒôü EXPORTED FILES:
   - 01_initial_personality.json (BEFORE conversations)
   - 02_extracted_facts.json
   - 03_affinity.json
   - 04_memory_stats.json
   - 05_final_personality.json (AFTER conversations)
   - 06_conversation.json
================================================================================

11. Cleaning up...
   Ô£à Cleanup completed
